[    0.000000] Initializing cgroup subsys cpuset
[    0.000000] Initializing cgroup subsys cpu
[    0.000000] Initializing cgroup subsys cpuacct
[    0.000000] Linux version 4.4.0-165-generic (buildd@lgw01-amd64-027) (gcc version 5.4.0 20160609 (Ubuntu 5.4.0-6ubuntu1~16.04.10) ) #193-Ubuntu SMP Tue Sep 17 17:42:52 UTC 2019 (Ubuntu 4.4.0-165.193-generic 4.4.189)
[    0.000000] Command line: BOOT_IMAGE=/boot/vmlinuz-4.4.0-165-generic root=LABEL=cloudimg-rootfs ro console=tty1 console=ttyS0
[    0.000000] KERNEL supported cpus:
[    0.000000]   Intel GenuineIntel
[    0.000000]   AMD AuthenticAMD
[    0.000000]   Centaur CentaurHauls
[    0.000000] x86/fpu: xstate_offset[2]:  576, xstate_sizes[2]:  256
[    0.000000] x86/fpu: Supporting XSAVE feature 0x01: 'x87 floating point registers'
[    0.000000] x86/fpu: Supporting XSAVE feature 0x02: 'SSE registers'
[    0.000000] x86/fpu: Supporting XSAVE feature 0x04: 'AVX registers'
[    0.000000] x86/fpu: Enabled xstate features 0x7, context size is 832 bytes, using 'standard' format.
[    0.000000] e820: BIOS-provided physical RAM map:
[    0.000000] BIOS-e820: [mem 0x0000000000000000-0x000000000009fbff] usable
[    0.000000] BIOS-e820: [mem 0x000000000009fc00-0x000000000009ffff] reserved
[    0.000000] BIOS-e820: [mem 0x00000000000f0000-0x00000000000fffff] reserved
[    0.000000] BIOS-e820: [mem 0x0000000000100000-0x000000003ffeffff] usable
[    0.000000] BIOS-e820: [mem 0x000000003fff0000-0x000000003fffffff] ACPI data
[    0.000000] BIOS-e820: [mem 0x00000000fec00000-0x00000000fec00fff] reserved
[    0.000000] BIOS-e820: [mem 0x00000000fee00000-0x00000000fee00fff] reserved
[    0.000000] BIOS-e820: [mem 0x00000000fffc0000-0x00000000ffffffff] reserved
[    0.000000] NX (Execute Disable) protection: active
[    0.000000] SMBIOS 2.5 present.
[    0.000000] Hypervisor detected: KVM
[    0.000000] Kernel/User page tables isolation: disabled
[    0.000000] e820: last_pfn = 0x3fff0 max_arch_pfn = 0x400000000
[    0.000000] MTRR: Disabled
[    0.000000] x86/PAT: MTRRs disabled, skipping PAT initialization too.
[    0.000000] CPU MTRRs all blank - virtualized system.
[    0.000000] x86/PAT: Configuration [0-7]: WB  WT  UC- UC  WB  WT  UC- UC  
[    0.000000] found SMP MP-table at [mem 0x0009fff0-0x0009ffff] mapped at [ffff88000009fff0]
[    0.000000] Scanning 1 areas for low memory corruption
[    0.000000] RAMDISK: [mem 0x362fa000-0x37174fff]
[    0.000000] ACPI: Early table checksum verification disabled
[    0.000000] ACPI: RSDP 0x00000000000E0000 000024 (v02 VBOX  )
[    0.000000] ACPI: XSDT 0x000000003FFF0030 00003C (v01 VBOX   VBOXXSDT 00000001 ASL  00000061)
[    0.000000] ACPI: FACP 0x000000003FFF00F0 0000F4 (v04 VBOX   VBOXFACP 00000001 ASL  00000061)
[    0.000000] ACPI: DSDT 0x000000003FFF0470 0022EA (v02 VBOX   VBOXBIOS 00000002 INTL 20100528)
[    0.000000] ACPI: FACS 0x000000003FFF0200 000040
[    0.000000] ACPI: FACS 0x000000003FFF0200 000040
[    0.000000] ACPI: APIC 0x000000003FFF0240 00005C (v02 VBOX   VBOXAPIC 00000001 ASL  00000061)
[    0.000000] ACPI: SSDT 0x000000003FFF02A0 0001CC (v01 VBOX   VBOXCPUT 00000002 INTL 20100528)
[    0.000000] No NUMA configuration found
[    0.000000] Faking a node at [mem 0x0000000000000000-0x000000003ffeffff]
[    0.000000] NODE_DATA(0) allocated [mem 0x3ffeb000-0x3ffeffff]
[    0.000000] kvm-clock: Using msrs 4b564d01 and 4b564d00
[    0.000000] kvm-clock: cpu 0, msr 0:3ffe3001, primary cpu clock
[    0.000000] kvm-clock: using sched offset of 3287205121 cycles
[    0.000000] clocksource: kvm-clock: mask: 0xffffffffffffffff max_cycles: 0x1cd42e4dffb, max_idle_ns: 881590591483 ns
[    0.000000] Zone ranges:
[    0.000000]   DMA      [mem 0x0000000000001000-0x0000000000ffffff]
[    0.000000]   DMA32    [mem 0x0000000001000000-0x000000003ffeffff]
[    0.000000]   Normal   empty
[    0.000000]   Device   empty
[    0.000000] Movable zone start for each node
[    0.000000] Early memory node ranges
[    0.000000]   node   0: [mem 0x0000000000001000-0x000000000009efff]
[    0.000000]   node   0: [mem 0x0000000000100000-0x000000003ffeffff]
[    0.000000] Initmem setup node 0 [mem 0x0000000000001000-0x000000003ffeffff]
[    0.000000] ACPI: PM-Timer IO Port: 0x4008
[    0.000000] IOAPIC[0]: apic_id 2, version 32, address 0xfec00000, GSI 0-23
[    0.000000] ACPI: INT_SRC_OVR (bus 0 bus_irq 0 global_irq 2 dfl dfl)
[    0.000000] ACPI: INT_SRC_OVR (bus 0 bus_irq 9 global_irq 9 low level)
[    0.000000] Using ACPI (MADT) for SMP configuration information
[    0.000000] smpboot: Allowing 2 CPUs, 0 hotplug CPUs
[    0.000000] PM: Registered nosave memory: [mem 0x00000000-0x00000fff]
[    0.000000] PM: Registered nosave memory: [mem 0x0009f000-0x0009ffff]
[    0.000000] PM: Registered nosave memory: [mem 0x000a0000-0x000effff]
[    0.000000] PM: Registered nosave memory: [mem 0x000f0000-0x000fffff]
[    0.000000] e820: [mem 0x40000000-0xfebfffff] available for PCI devices
[    0.000000] Booting paravirtualized kernel on KVM
[    0.000000] clocksource: refined-jiffies: mask: 0xffffffff max_cycles: 0xffffffff, max_idle_ns: 7645519600211568 ns
[    0.000000] setup_percpu: NR_CPUS:512 nr_cpumask_bits:512 nr_cpu_ids:2 nr_node_ids:1
[    0.000000] PERCPU: Embedded 34 pages/cpu @ffff88003fc00000 s99544 r8192 d31528 u1048576
[    0.000000] Built 1 zonelists in Node order, mobility grouping on.  Total pages: 257912
[    0.000000] Policy zone: DMA32
[    0.000000] Kernel command line: BOOT_IMAGE=/boot/vmlinuz-4.4.0-165-generic root=LABEL=cloudimg-rootfs ro console=tty1 console=ttyS0
[    0.000000] PID hash table entries: 4096 (order: 3, 32768 bytes)
[    0.000000] Memory: 997732K/1048120K available (8621K kernel code, 1335K rwdata, 4032K rodata, 1484K init, 1284K bss, 50388K reserved, 0K cma-reserved)
[    0.000000] SLUB: HWalign=64, Order=0-3, MinObjects=0, CPUs=2, Nodes=1
[    0.000000] Hierarchical RCU implementation.
[    0.000000] 	Build-time adjustment of leaf fanout to 64.
[    0.000000] 	RCU restricting CPUs from NR_CPUS=512 to nr_cpu_ids=2.
[    0.000000] RCU: Adjusting geometry for rcu_fanout_leaf=64, nr_cpu_ids=2
[    0.000000] NR_IRQS:33024 nr_irqs:440 16
[    0.000000] Console: colour VGA+ 80x25
[    0.000000] console [tty1] enabled
[    0.000000] console [ttyS0] enabled
[    0.000000] tsc: Detected 1992.003 MHz processor
[    0.125577] Calibrating delay loop (skipped) preset value.. 3984.00 BogoMIPS (lpj=7968012)
[    0.127036] pid_max: default: 32768 minimum: 301
[    0.127726] ACPI: Core revision 20150930
[    0.129106] ACPI: 2 ACPI AML tables successfully acquired and loaded
[    0.130231] Security Framework initialized
[    0.130949] Yama: becoming mindful.
[    0.131511] AppArmor: AppArmor initialized
[    0.132252] Dentry cache hash table entries: 131072 (order: 8, 1048576 bytes)
[    0.133405] Inode-cache hash table entries: 65536 (order: 7, 524288 bytes)
[    0.136596] Mount-cache hash table entries: 2048 (order: 2, 16384 bytes)
[    0.137444] Mountpoint-cache hash table entries: 2048 (order: 2, 16384 bytes)
[    0.138587] Initializing cgroup subsys io
[    0.139180] Initializing cgroup subsys memory
[    0.139837] Initializing cgroup subsys devices
[    0.140496] Initializing cgroup subsys freezer
[    0.141119] Initializing cgroup subsys net_cls
[    0.141836] Initializing cgroup subsys perf_event
[    0.142540] Initializing cgroup subsys net_prio
[    0.143176] Initializing cgroup subsys hugetlb
[    0.143899] Initializing cgroup subsys pids
[    0.145583] mce: CPU supports 0 MCE banks
[    0.146193] Last level iTLB entries: 4KB 64, 2MB 8, 4MB 8
[    0.146992] Last level dTLB entries: 4KB 64, 2MB 0, 4MB 0, 1GB 4
[    0.147794] Spectre V1 : Mitigation: usercopy/swapgs barriers and __user pointer sanitization
[    0.149015] Spectre V2 : Mitigation: Enhanced IBRS
[    0.149769] Spectre V2 : Spectre v2 / SpectreRSB mitigation: Filling RSB on context switch
[    0.150934] Speculative Store Bypass: Vulnerable
[    0.153604] Freeing SMP alternatives memory: 36K
[    0.158762] ftrace: allocating 32318 entries in 127 pages
[    0.194867] smpboot: APIC(0) Converting physical 0 to logical package 0
[    0.195946] smpboot: Max logical packages: 1
[    0.196790] x2apic enabled
[    0.197482] Switched APIC routing to physical x2apic.
[    0.198987] ..TIMER: vector=0x30 apic1=0 pin1=2 apic2=-1 pin2=-1
[    0.306025] smpboot: CPU0: Intel(R) Core(TM) i7-8565U CPU @ 1.80GHz (family: 0x6, model: 0x8e, stepping: 0xc)
[    0.307706] Performance Events: unsupported p6 CPU model 142 no PMU driver, software events only.
[    0.316151] KVM setup paravirtual spinlock
[    0.317366] x86: Booting SMP configuration:
[    0.318080] .... node  #0, CPUs:      #1
[    0.319249] kvm-clock: cpu 1, msr 0:3ffe3041, secondary cpu clock
[    0.321102] mce: CPU supports 0 MCE banks
[    0.323599] x86: Booted up 1 node, 2 CPUs
[    0.324444] smpboot: Total of 2 processors activated (7968.01 BogoMIPS)
[    0.325866] devtmpfs: initialized
[    0.328397] evm: security.selinux
[    0.328988] evm: security.SMACK64
[    0.329618] evm: security.SMACK64EXEC
[    0.330181] evm: security.SMACK64TRANSMUTE
[    0.330871] evm: security.SMACK64MMAP
[    0.331473] evm: security.ima
[    0.332005] evm: security.capability
[    0.332781] clocksource: jiffies: mask: 0xffffffff max_cycles: 0xffffffff, max_idle_ns: 7645041785100000 ns
[    0.334213] futex hash table entries: 512 (order: 3, 32768 bytes)
[    0.335149] pinctrl core: initialized pinctrl subsystem
[    0.336265] RTC time:  9:44:33, date: 10/11/19
[    0.339094] NET: Registered protocol family 16
[    0.350401] cpuidle: using governor ladder
[    0.364054] cpuidle: using governor menu
[    0.364826] PCCT header not found.
[    0.365489] ACPI: bus type PCI registered
[    0.366123] acpiphp: ACPI Hot Plug PCI Controller Driver version: 0.5
[    0.367154] PCI: Using configuration type 1 for base access
[    0.380485] ACPI: Added _OSI(Module Device)
[    0.381173] ACPI: Added _OSI(Processor Device)
[    0.381848] ACPI: Added _OSI(3.0 _SCP Extensions)
[    0.382592] ACPI: Added _OSI(Processor Aggregator Device)
[    0.383896] ACPI: Executed 1 blocks of module-level executable AML code
[    0.386282] ACPI: Interpreter enabled
[    0.386886] ACPI: (supports S0 S5)
[    0.387560] ACPI: Using IOAPIC for interrupt routing
[    0.388405] PCI: Using host bridge windows from ACPI; if necessary, use "pci=nocrs" and report a bug
[    0.392232] ACPI: PCI Root Bridge [PCI0] (domain 0000 [bus 00-ff])
[    0.393125] acpi PNP0A03:00: _OSC: OS supports [ASPM ClockPM Segments MSI]
[    0.394219] acpi PNP0A03:00: _OSC: not requesting OS control; OS requires [ExtendedConfig ASPM ClockPM MSI]
[    0.395518] acpi PNP0A03:00: fail to add MMCONFIG information, can't access extended PCI configuration space under this bridge.
[    0.397270] PCI host bridge to bus 0000:00
[    0.397931] pci_bus 0000:00: root bus resource [io  0x0000-0x0cf7 window]
[    0.398786] pci_bus 0000:00: root bus resource [io  0x0d00-0xffff window]
[    0.399616] pci_bus 0000:00: root bus resource [mem 0x000a0000-0x000bffff window]
[    0.400729] pci_bus 0000:00: root bus resource [mem 0x40000000-0xfdffffff window]
[    0.401800] pci_bus 0000:00: root bus resource [bus 00-ff]
[    0.403591] pci 0000:00:01.1: legacy IDE quirk: reg 0x10: [io  0x01f0-0x01f7]
[    0.404547] pci 0000:00:01.1: legacy IDE quirk: reg 0x14: [io  0x03f6]
[    0.405326] pci 0000:00:01.1: legacy IDE quirk: reg 0x18: [io  0x0170-0x0177]
[    0.406271] pci 0000:00:01.1: legacy IDE quirk: reg 0x1c: [io  0x0376]
[    0.417615] pci 0000:00:07.0: quirk: [io  0x4000-0x403f] claimed by PIIX4 ACPI
[    0.425811] pci 0000:00:07.0: quirk: [io  0x4100-0x410f] claimed by PIIX4 SMB
[    0.430290] ACPI: PCI Interrupt Link [LNKA] (IRQs 5 9 10 *11)
[    0.431663] ACPI: PCI Interrupt Link [LNKB] (IRQs 5 9 *10 11)
[    0.433046] ACPI: PCI Interrupt Link [LNKC] (IRQs 5 *9 10 11)
[    0.434300] ACPI: PCI Interrupt Link [LNKD] (IRQs 5 9 10 *11)
[    0.435368] ACPI: Enabled 2 GPEs in block 00 to 07
[    0.436427] vgaarb: setting as boot device: PCI:0000:00:02.0
[    0.437187] vgaarb: device added: PCI:0000:00:02.0,decodes=io+mem,owns=io+mem,locks=none
[    0.438287] vgaarb: loaded
[    0.438733] vgaarb: bridge control possible 0000:00:02.0
[    0.439531] SCSI subsystem initialized
[    0.440324] ACPI: bus type USB registered
[    0.440971] usbcore: registered new interface driver usbfs
[    0.441730] usbcore: registered new interface driver hub
[    0.442393] usbcore: registered new device driver usb
[    0.443417] PCI: Using ACPI for IRQ routing
[    0.444545] NetLabel: Initializing
[    0.445015] NetLabel:  domain hash size = 128
[    0.445657] NetLabel:  protocols = UNLABELED CIPSOv4
[    0.446273] NetLabel:  unlabeled traffic allowed by default
[    0.447175] amd_nb: Cannot enumerate AMD northbridges
[    0.447971] clocksource: Switched to clocksource kvm-clock
[    0.456844] AppArmor: AppArmor Filesystem Enabled
[    0.457624] pnp: PnP ACPI init
[    0.458613] pnp: PnP ACPI: found 3 devices
[    0.468666] clocksource: acpi_pm: mask: 0xffffff max_cycles: 0xffffff, max_idle_ns: 2085701024 ns
[    0.469986] NET: Registered protocol family 2
[    0.470687] TCP established hash table entries: 8192 (order: 4, 65536 bytes)
[    0.471935] TCP bind hash table entries: 8192 (order: 5, 131072 bytes)
[    0.472830] TCP: Hash tables configured (established 8192 bind 8192)
[    0.473605] UDP hash table entries: 512 (order: 2, 16384 bytes)
[    0.474408] UDP-Lite hash table entries: 512 (order: 2, 16384 bytes)
[    0.475445] NET: Registered protocol family 1
[    0.476115] pci 0000:00:00.0: Limiting direct PCI/PCI transfers
[    0.476918] pci 0000:00:01.0: Activating ISA DMA hang workarounds
[    0.479768] Unpacking initramfs...
[    0.681128] Freeing initrd memory: 14828K
[    0.681968] clocksource: tsc: mask: 0xffffffffffffffff max_cycles: 0x396d5809302, max_idle_ns: 881590667022 ns
[    0.683641] platform rtc_cmos: registered platform RTC device (no PNP device found)
[    0.685063] Scanning for low memory corruption every 60 seconds
[    0.686457] audit: initializing netlink subsys (disabled)
[    0.687248] audit: type=2000 audit(1570787078.560:1): initialized
[    0.688334] Initialise system trusted keyring
[    0.689379] HugeTLB registered 2 MB page size, pre-allocated 0 pages
[    0.691199] zbud: loaded
[    0.692003] VFS: Disk quotas dquot_6.6.0
[    0.692582] VFS: Dquot-cache hash table entries: 512 (order 0, 4096 bytes)
[    0.693552] squashfs: version 4.0 (2009/01/31) Phillip Lougher
[    0.694651] fuse init (API version 7.23)
[    0.695457] Key type big_key registered
[    0.696009] Allocating IMA MOK and blacklist keyrings.
[    0.700097] Key type asymmetric registered
[    0.700766] Asymmetric key parser 'x509' registered
[    0.701556] Block layer SCSI generic (bsg) driver version 0.4 loaded (major 249)
[    0.702741] io scheduler noop registered
[    0.703494] io scheduler deadline registered (default)
[    0.704266] io scheduler cfq registered
[    0.704867] pci_hotplug: PCI Hot Plug PCI Core version: 0.5
[    0.705621] pciehp: PCI Express Hot Plug Controller Driver version: 0.4
[    0.706525] ACPI: AC Adapter [AC] (on-line)
[    0.707207] input: Power Button as /devices/LNXSYSTM:00/LNXPWRBN:00/input/input0
[    0.708292] ACPI: Power Button [PWRF]
[    0.708853] input: Sleep Button as /devices/LNXSYSTM:00/LNXSLPBN:00/input/input1
[    0.710003] ACPI: Sleep Button [SLPF]
[    0.710777] GHES: HEST is not enabled!
[    0.711299] ACPI: Battery Slot [BAT0] (battery present)
[    0.712409] Serial: 8250/16550 driver, 32 ports, IRQ sharing enabled
[    0.733646] 00:02: ttyS0 at I/O 0x3f8 (irq = 4, base_baud = 115200) is a 16550A
[    0.738245] Linux agpgart interface v0.103
[    0.740401] loop: module loaded
[    0.741335] scsi host0: ata_piix
[    0.741955] scsi host1: ata_piix
[    0.742566] ata1: PATA max UDMA/33 cmd 0x1f0 ctl 0x3f6 bmdma 0xd000 irq 14
[    0.743477] ata2: PATA max UDMA/33 cmd 0x170 ctl 0x376 bmdma 0xd008 irq 15
[    0.744785] libphy: Fixed MDIO Bus: probed
[    0.745491] tun: Universal TUN/TAP device driver, 1.6
[    0.746231] tun: (C) 1999-2004 Max Krasnyansky <maxk@qualcomm.com>
[    0.747284] PPP generic driver version 2.4.2
[    0.748127] ehci_hcd: USB 2.0 'Enhanced' Host Controller (EHCI) Driver
[    0.748922] ehci-pci: EHCI PCI platform driver
[    0.749565] ehci-platform: EHCI generic platform driver
[    0.750310] ohci_hcd: USB 1.1 'Open' Host Controller (OHCI) Driver
[    0.751131] ohci-pci: OHCI PCI platform driver
[    0.751723] ohci-platform: OHCI generic platform driver
[    0.752537] uhci_hcd: USB Universal Host Controller Interface driver
[    0.753492] i8042: PNP: PS/2 Controller [PNP0303:PS2K,PNP0f03:PS2M] at 0x60,0x64 irq 1,12
[    0.755035] serio: i8042 KBD port at 0x60,0x64 irq 1
[    0.755691] serio: i8042 AUX port at 0x60,0x64 irq 12
[    0.756813] mousedev: PS/2 mouse device common for all mice
[    0.757932] input: AT Translated Set 2 keyboard as /devices/platform/i8042/serio0/input/input2
[    0.759497] rtc_cmos rtc_cmos: rtc core: registered rtc_cmos as rtc0
[    0.760480] rtc_cmos rtc_cmos: alarms up to one day, 114 bytes nvram
[    0.761286] i2c /dev entries driver
[    0.761975] device-mapper: uevent: version 1.0.3
[    0.762778] device-mapper: ioctl: 4.34.0-ioctl (2015-10-28) initialised: dm-devel@redhat.com
[    0.763924] ledtrig-cpu: registered to indicate activity on CPUs
[    0.765132] NET: Registered protocol family 10
[    0.766085] NET: Registered protocol family 17
[    0.766735] Key type dns_resolver registered
[    0.767901] registered taskstats version 1
[    0.768662] Loading compiled-in X.509 certificates
[    0.769737] Loaded X.509 cert 'Build time autogenerated kernel key: 0ed82eac04367aa6426493b1389455ebf6830eaa'
[    0.771030] zswap: loaded using pool lzo/zbud
[    0.773029] Key type trusted registered
[    0.775588] Key type encrypted registered
[    0.776156] AppArmor: AppArmor sha1 policy hashing enabled
[    0.776978] ima: No TPM chip found, activating TPM-bypass!
[    0.777705] ima: Allocated hash algorithm: sha1
[    0.778683] evm: HMAC attrs: 0x1
[    0.779553]   Magic number: 7:488:727
[    0.780099] block loop7: hash matches
[    0.780831] rtc_cmos rtc_cmos: setting system clock to 2019-10-11 09:44:34 UTC (1570787074)
[    0.782116] BIOS EDD facility v0.16 2004-Jun-25, 0 devices found
[    0.782901] EDD information not available.
[    0.906510] Freeing unused kernel memory: 1484K
[    0.910024] Write protecting the kernel read-only data: 14336k
[    0.916096] Freeing unused kernel memory: 1608K
[    0.919465] Freeing unused kernel memory: 64K
Loading, please wait...
starting version 229
[    0.939853] random: systemd-udevd: uninitialized urandom read (16 bytes read, 1 bits of entropy available)
[    0.940449] random: udevadm: uninitialized urandom read (16 bytes read, 1 bits of entropy available)
[    0.940464] random: udevadm: uninitialized urandom read (16 bytes read, 1 bits of entropy available)
[    0.945418] random: systemd-udevd: uninitialized urandom read (16 bytes read, 1 bits of entropy available)
[    0.946168] random: udevadm: uninitialized urandom read (16 bytes read, 1 bits of entropy available)
[    0.946198] random: udevadm: uninitialized urandom read (16 bytes read, 1 bits of entropy available)
[    0.946289] random: udevadm: uninitialized urandom read (16 bytes read, 1 bits of entropy available)
[    0.946322] random: udevadm: uninitialized urandom read (16 bytes read, 1 bits of entropy available)
[    0.946355] random: udevadm: uninitialized urandom read (16 bytes read, 1 bits of entropy available)
[    0.946387] random: udevadm: uninitialized urandom read (16 bytes read, 1 bits of entropy available)
[    0.973968] Fusion MPT base driver 3.04.20
[    0.974798] Copyright (c) 1999-2008 LSI Corporation
[    0.978187] e1000: Intel(R) PRO/1000 Network Driver - version 7.3.21-k8-NAPI
[    0.979378] e1000: Copyright (c) 1999-2006 Intel Corporation.
[    0.983772] Fusion MPT SPI Host driver 3.04.20
[    0.997009] mptbase: ioc0: Initiating bringup
[    0.999913] AVX2 version of gcm_enc/dec engaged.
[    1.000862] AES CTR mode by8 optimization enabled
[    1.083416] ioc0: LSI53C1030 A0: Capabilities={Initiator}
[    1.199650] input: ImExPS/2 Generic Explorer Mouse as /devices/platform/i8042/serio1/input/input4
[    1.719391] scsi host2: ioc0: LSI53C1030 A0, FwRev=00000000h, Ports=1, MaxQ=256, IRQ=20
[    2.066232] scsi 2:0:0:0: Direct-Access     VBOX     HARDDISK         1.0  PQ: 0 ANSI: 5
[    2.070473] scsi target2:0:0: Beginning Domain Validation
[    2.073423] scsi target2:0:0: Domain Validation skipping write tests
[    2.074461] scsi target2:0:0: Ending Domain Validation
[    2.075358] scsi target2:0:0: asynchronous
[    2.077069] scsi 2:0:1:0: Direct-Access     VBOX     HARDDISK         1.0  PQ: 0 ANSI: 5
[    2.078436] scsi target2:0:1: Beginning Domain Validation
[    2.080884] scsi target2:0:1: Domain Validation skipping write tests
[    2.081835] scsi target2:0:1: Ending Domain Validation
[    2.082651] scsi target2:0:1: asynchronous
[    2.087467] sd 2:0:0:0: [sda] 20971520 512-byte logical blocks: (10.7 GB/10.0 GiB)
[    2.087599] sd 2:0:0:0: Attached scsi generic sg0 type 0
[    2.092323] sd 2:0:1:0: Attached scsi generic sg1 type 0
[    2.092688] sd 2:0:1:0: [sdb] 20480 512-byte logical blocks: (10.5 MB/10.0 MiB)
[    2.093034] sd 2:0:1:0: [sdb] Write Protect is off
[    2.093259] sd 2:0:1:0: [sdb] Incomplete mode parameter data
[    2.093260] sd 2:0:1:0: [sdb] Assuming drive cache: write through
[    2.102785] sd 2:0:0:0: [sda] Write Protect is off
[    2.103765] sd 2:0:0:0: [sda] Incomplete mode parameter data
[    2.104760] sd 2:0:0:0: [sda] Assuming drive cache: write through
[    2.107509]  sda: sda1
[    2.116240] sd 2:0:0:0: [sda] Attached SCSI disk
[    2.116312] sd 2:0:1:0: [sdb] Attached SCSI disk
[    2.702592] e1000 0000:00:03.0 eth0: (PCI:33MHz:32-bit) 02:0e:9b:2d:5b:92
[    2.703697] e1000 0000:00:03.0 eth0: Intel(R) PRO/1000 Network Connection
[    2.705250] e1000 0000:00:03.0 enp0s3: renamed from eth0
Begin: Loading essential drivers ... [    3.981367] md: linear personality registered for level -1
[    3.983835] md: multipath personality registered for level -4
[    3.986329] md: raid0 personality registered for level 0
[    3.989639] md: raid1 personality registered for level 1
[    4.060023] raid6: sse2x1   gen() 12633 MB/s
[    4.128233] raid6: sse2x1   xor()  8290 MB/s
[    4.196540] raid6: sse2x2   gen() 17224 MB/s
[    4.264219] raid6: sse2x2   xor() 10745 MB/s
[    4.332182] raid6: sse2x4   gen() 17332 MB/s
[    4.400049] raid6: sse2x4   xor() 12188 MB/s
[    4.468026] raid6: avx2x1   gen() 23986 MB/s
[    4.536337] raid6: avx2x2   gen() 30747 MB/s
[    4.604284] raid6: avx2x4   gen() 33711 MB/s
[    4.605294] raid6: using algorithm avx2x4 gen() 33711 MB/s
[    4.606362] raid6: using avx2x2 recovery algorithm
[    4.608264] xor: automatically using best checksumming function:
[    4.648555]    avx       : 28413.000 MB/sec
[    4.650407] async_tx: api initialized (async)
[    4.659495] md: raid6 personality registered for level 6
[    4.660399] md: raid5 personality registered for level 5
[    4.661128] md: raid4 personality registered for level 4
[    4.667620] md: raid10 personality registered for level 10
done.
Begin: Running /scripts/init-premount ... done.
Begin: Mounting root file system ... Begin: Running /scripts/local-top ... done.
Begin: Running /scripts/local-premount ... [    4.688775] Btrfs loaded
Scanning for Btrfs filesystems
done.
Warning: fsck not present, so skipping root file system
[    4.713715] EXT4-fs (sda1): mounted filesystem with ordered data mode. Opts: (null)
done.
Begin: Running /scripts/local-bottom ... done.
Begin: Running /scripts/init-bottom ... done.
[    4.785533] systemd[1]: systemd 229 running in system mode. (+PAM +AUDIT +SELINUX +IMA +APPARMOR +SMACK +SYSVINIT +UTMP +LIBCRYPTSETUP +GCRYPT +GNUTLS +ACL +XZ -LZ4 +SECCOMP +BLKID +ELFUTILS +KMOD -IDN)
[    4.788542] systemd[1]: Detected virtualization oracle.
[    4.789314] systemd[1]: Detected architecture x86-64.

Welcome to [1mUbuntu 16.04.6 LTS[0m!

[    4.792457] systemd[1]: Set hostname to <ubuntu>.
[    4.795089] systemd[1]: Initializing machine ID from random generator.
[    4.796105] systemd[1]: Installed transient /etc/machine-id file.
[    4.890946] systemd[1]: Listening on Syslog Socket.
[[0;32m  OK  [0m] Listening on Syslog Socket.
[    4.892487] systemd[1]: Started Forward Password Requests to Wall Directory Watch.
[[0;32m  OK  [0m] Started Forward Password Requests to Wall Directory Watch.
[    4.894589] systemd[1]: Listening on udev Kernel Socket.
[[0;32m  OK  [0m] Listening on udev Kernel Socket.
[    4.895979] systemd[1]: Listening on /dev/initctl Compatibility Named Pipe.
[[0;32m  OK  [0m] Listening on /dev/initctl Compatibility Named Pipe.
[    4.897749] systemd[1]: Listening on Journal Socket (/dev/log).
[[0;32m  OK  [0m] Listening on Journal Socket (/dev/log).
[    4.899249] systemd[1]: Listening on Journal Socket.
[[0;32m  OK  [0m] Listening on Journal Socket.
[    4.900486] systemd[1]: Reached target User and Group Name Lookups.
[[0;32m  OK  [0m] Reached target User and Group Name Lookups.
[    4.901996] systemd[1]: Reached target Encrypted Volumes.
[[0;32m  OK  [0m] Reached target Encrypted Volumes.
[    4.903346] systemd[1]: Listening on udev Control Socket.
[[0;32m  OK  [0m] Listening on udev Control Socket.
[    4.904666] systemd[1]: Listening on Device-mapper event daemon FIFOs.
[[0;32m  OK  [0m] Listening on Device-mapper event daemon FIFOs.
[    4.906311] systemd[1]: Reached target Swap.
[[0;32m  OK  [0m] Reached target Swap.
[    4.907477] systemd[1]: Started Trigger resolvconf update for networkd DNS.
[[0;32m  OK  [0m] Started Trigger resolvconf update for networkd DNS.
[    4.909185] systemd[1]: Listening on LVM2 poll daemon socket.
[[0;32m  OK  [0m] Listening on LVM2 poll daemon socket.
[    4.910691] systemd[1]: Created slice User and Session Slice.
[[0;32m  OK  [0m] Created slice User and Session Slice.
[    4.920626] systemd[1]: Set up automount Arbitrary Executable File Formats File System Automount Point.
[[0;32m  OK  [0m] Set up automount Arbitrary Executab...ats File System Automount Point.
[    4.928396] systemd[1]: Listening on Journal Audit Socket.
[[0;32m  OK  [0m] Listening on Journal Audit Socket.
[    4.930286] systemd[1]: Reached target System Time Synchronized.
[[0;32m  OK  [0m] Reached target System Time Synchronized.
[    4.931793] systemd[1]: Listening on LVM2 metadata daemon socket.
[[0;32m  OK  [0m] Listening on LVM2 metadata daemon socket.
[    4.933686] systemd[1]: Created slice System Slice.
[[0;32m  OK  [0m] Created slice System Slice.
[    4.953323] systemd[1]: Starting Set console keymap...
         Starting Set console keymap...
[    4.955708] systemd[1]: Starting Nameserver information manager...
         Starting Nameserver information manager...
[    4.964474] systemd[1]: Starting Create list of required static device nodes for the current kernel...
         Starting Create list of required st... nodes for the current kernel...
[    4.973129] systemd[1]: Mounting Huge Pages File System...
         Mounting Huge Pages File System...
[    4.982825] systemd[1]: Starting Load Kernel Modules...
         Starting Load Kernel Modules...
[    4.989673] Loading iSCSI transport class v2.0-870.
[    4.992735] systemd[1]: Mounting Debug File System...
         Mounting Debug File System...
[    4.995874] iscsi: registered transport (tcp)
[    4.996016] systemd[1]: Starting Remount Root and Kernel File Systems...
         Starting Remount Root and Kernel File Systems...
[    5.001727] systemd[1]: Reached target Slices.
[[0;32m  OK  [0m] Reached target Slices.
[    5.003167] EXT4-fs (sda1): re-mounted. Opts: (null)
[    5.003605] systemd[1]: Mounting POSIX Message Queue File System...
         Mounting POSIX Message Queue File System...
[    5.012590] systemd[1]: Starting Monitoring of LVM2 mirrors, snapshots etc. using dmeventd or progress polling...
         Starting Monitoring of LVM2 mirrors... dmeventd or progress polling...
[    5.016490] systemd[1]: Starting Uncomplicated firewall...
         Starting Uncomplicated firewall...
[    5.018634] systemd[1]: Created slice system-serial\x2dgetty.slice.
[[0;32m  OK  [0m] Created slice system-serial\x2dgetty.slice.
[    5.023736] systemd[1]: Starting Journal Service...
         Starting Journal Service...
[    5.030682] systemd[1]: Mounted POSIX Message Queue File System.
[[0;32m  OK  [0m] Mounted POSIX Message Queue File System.
[    5.032523] systemd[1]: Mounted Debug File System.
[[0;32m  OK  [0m] Mounted Debug File System.
[    5.040264] systemd[1]: Mounted Huge Pages File System.
[[0;32m  OK  [0m] Mounted Huge Pages File System.
[    5.042083] iscsi: registered transport (iser)
[    5.048336] systemd[1]: Started Journal Service.
[[0;32m  OK  [0m] Started Journal Service.
[[0;32m  OK  [0m] Started Set console keymap.
[[0;32m  OK  [0m] Started Create list of required sta...ce nodes for the current kernel.
[[0;32m  OK  [0m] Started Load Kernel Modules.
[[0;32m  OK  [0m] Started Remount Root and Kernel File Systems.
[[0;32m  OK  [0m] Started Uncomplicated firewall.
[[0;32m  OK  [0m] Started Nameserver information manager.
[[0;32m  OK  [0m] Started LVM2 metadata daemon.
         Starting Load/Save Random Seed...
         Starting udev Coldplug all Devices...
         Mounting FUSE Control File System...
         Starting Apply Kernel Variables...
         Starting Create Static Device Nodes in /dev...
         Starting Flush Journal to Persistent Storage...
[[0;32m  OK  [0m] Mounted FUSE Control File System.
[[0;32m  OK  [0m] Started Load/Save Random Seed.
[[0;32m  OK  [0m] Started Apply Kernel Variables.
[[0;32m  OK  [0m] Started Create Static Device Nodes in /dev.
[[0;32m  OK  [0m] Started udev Coldplug all Devices.
[[0;32m  OK  [0m] Started Flush Journal to Persistent Storage.
         Starting udev Kernel Device Manager...
[[0;32m  OK  [0m] Started udev Kernel Device Manager.
[[0;32m  OK  [0m] Started Dispatch Password Requests to Console Directory Watch.
[[0;32m  OK  [0m] Found device /dev/ttyS0.
[[0;32m  OK  [0m] Started Monitoring of LVM2 mirrors,...ng dmeventd or progress polling.
[[0;32m  OK  [0m] Reached target Local File Systems (Pre).
[[0;32m  OK  [0m] Reached target Local File Systems.
         Starting Set console font and keymap...
         Starting LSB: AppArmor initialization...
         Starting Create Volatile Files and Directories...
         Starting Tell Plymouth To Write Out Runtime Data...
         Starting Commit a transient machine-id on disk...
         Starting Initial cloud-init job (pre-networking)...
[[0;32m  OK  [0m] Started Create Volatile Files and Directories.
[[0;32m  OK  [0m] Started Tell Plymouth To Write Out Runtime Data.
[[0;32m  OK  [0m] Listening on Load/Save RF Kill Switch Status /dev/rfkill Watch.
         Starting Update UTMP about System Boot/Shutdown...
[    6.049715] cloud-init[559]: Cloud-init v. 19.2-36-g059d049c-0ubuntu1~16.04.1 running 'init-local' at Fri, 11 Oct 2019 09:44:39 +0000. Up 5.70 seconds.
[[0;32m  OK  [0m] Started LSB: AppArmor initialization.
[[0;32m  OK  [0m] Started Commit a transient machine-id on disk.
[[0;32m  OK  [0m] Started Initial cloud-init job (pre-networking).
[[0;32m  OK  [0m] Started Update UTMP about System Boot/Shutdown.
[[0;32m  OK  [0m] Reached target Network (Pre).
         Starting Raise network interfaces...
[[0;32m  OK  [0m] Started Set console font and keymap.
[[0;32m  OK  [0m] Created slice system-getty.slice.
[[0;32m  OK  [0m] Started Raise network interfaces.
[[0;32m  OK  [0m] Reached target Network.
         Starting Initial cloud-init job (metadata service crawler)...
[    7.075817] cloud-init[951]: Cloud-init v. 19.2-36-g059d049c-0ubuntu1~16.04.1 running 'init' at Fri, 11 Oct 2019 09:44:40 +0000. Up 6.70 seconds.
[    7.084560] cloud-init[951]: ci-info: +++++++++++++++++++++++++++++++++++++Net device info++++++++++++++++++++++++++++++++++++++
[    7.086276] cloud-init[951]: ci-info: +--------+------+---------------------------+---------------+--------+-------------------+
[    7.087322] cloud-init[951]: ci-info: | Device |  Up  |          Address          |      Mask     | Scope  |     Hw-Address    |
[    7.096301] cloud-init[951]: ci-info: +--------+------+---------------------------+---------------+--------+-------------------+
[    7.097339] cloud-init[951]: ci-info: | enp0s3 | True |         10.0.2.15         | 255.255.255.0 | global | 02:0e:9b:2d:5b:92 |
[    7.098351] cloud-init[951]: ci-info: | enp0s3 | True | fe80::e:9bff:fe2d:5b92/64 |       .       |  link  | 02:0e:9b:2d:5b:92 |
[    7.099537] cloud-init[951]: ci-info: |   lo   | True |         127.0.0.1         |   255.0.0.0   |  host  |         .         |
[    7.100793] cloud-init[951]: ci-info: |   lo   | True |          ::1/128          |       .       |  host  |         .         |
[    7.102037] cloud-init[951]: ci-info: +--------+------+---------------------------+---------------+--------+-------------------+
[    7.103377] cloud-init[951]: ci-info: +++++++++++++++++++++++++++Route IPv4 info++++++++++++++++++++++++++++
[    7.104484] cloud-init[951]: ci-info: +-------+-------------+----------+---------------+-----------+-------+
[    7.105611] cloud-init[951]: ci-info: | Route | Destination | Gateway  |    Genmask    | Interface | Flags |
[    7.106723] cloud-init[951]: ci-info: +-------+-------------+----------+---------------+-----------+-------+
[    7.107754] cloud-init[951]: ci-info: |   0   |   0.0.0.0   | 10.0.2.2 |    0.0.0.0    |   enp0s3  |   UG  |
[    7.108794] cloud-init[951]: ci-info: |   1   |   10.0.2.0  | 0.0.0.0  | 255.255.255.0 |   enp0s3  |   U   |
[    7.109876] cloud-init[951]: ci-info: +-------+-------------+----------+---------------+-----------+-------+
[    7.110923] cloud-init[951]: ci-info: +++++++++++++++++++Route IPv6 info+++++++++++++++++++
[    7.111831] cloud-init[951]: ci-info: +-------+-------------+---------+-----------+-------+
[    7.112724] cloud-init[951]: ci-info: | Route | Destination | Gateway | Interface | Flags |
[    7.113661] cloud-init[951]: ci-info: +-------+-------------+---------+-----------+-------+
[    7.114594] cloud-init[951]: ci-info: |   0   |  fe80::/64  |    ::   |   enp0s3  |   U   |
[    7.115523] cloud-init[951]: ci-info: |   3   |   ff00::/8  |    ::   |   enp0s3  |   U   |
[    7.116450] cloud-init[951]: ci-info: +-------+-------------+---------+-----------+-------+
[    7.117348] cloud-init[951]: Generating public/private rsa key pair.
[    7.118121] cloud-init[951]: Your identification has been saved in /etc/ssh/ssh_host_rsa_key.
[    7.119115] cloud-init[951]: Your public key has been saved in /etc/ssh/ssh_host_rsa_key.pub.
[    7.120073] cloud-init[951]: The key fingerprint is:
[    7.120715] cloud-init[951]: SHA256:K7RhwZR1LGQd6dTRqb5bkJ0v5/Q/n0z28Ae2U4mm5nE root@ubuntu-xenial
[    7.121734] cloud-init[951]: The key's randomart image is:
[    7.122443] cloud-init[951]: +---[RSA 2048]----+
[    7.123052] cloud-init[951]: |      .++oo+.o . |
[    7.123739] cloud-init[951]: |     o....= . o  |
[    7.124384] cloud-init[951]: |      o  +   .   |
[    7.124989] cloud-init[951]: |       .  . .o . |
[    7.132622] cloud-init[951]: |      + S  .o + .|
[    7.133420] cloud-init[951]: |     o o .  .+oo.|
[    7.140372] cloud-init[951]: |      o .  .oE+*+|
[    7.149174] cloud-init[951]: |       .   o+.*O=|
[[0;32m  OK  [0m] Started Initial cloud-init job (metadata service crawler).
[[0;32m  OK  [0m] Reached target System Initialization.
[[0;32m  OK  [0m] Started Daily Cleanup of Temporary Directories.
[[0;32m  OK  [0m] Listening on D-Bus System Message Bus Socket.
[    7.152744] cloud-init[951]: |          o... +%|
[    7.177141] cloud-init[951]: +----[SHA256]-----+
[    7.184922] cloud-init[951]: Generating public/private dsa key pair.
[    7.185740] cloud-init[951]: Your identification has been saved in /etc/ssh/ssh_host_dsa_key.
[    7.192748] cloud-init[951]: Your public key has been saved in /etc/ssh/ssh_host_dsa_key.pub.
[    7.200568] cloud-init[951]: The key fingerprint is:
[    7.201255] cloud-init[951]: SHA256:37N+ZqfYUeubiQQ/vXUVvFlqkUjEoVXLLVqlUrstDqY root@ubuntu-xenial
[    7.208294] cloud-init[951]: The key's randomart image is:
[    7.208941] cloud-init[951]: +---[DSA 1024]----+
[    7.209814] cloud-init[951]: |           o=oo .|
         Starting LXD - unix socket.
[[0;32m  OK  [0m] Listening on ACPID Listen Socket.
[[0;32m  OK  [0m] Listening on UUID daemon activation socket.
[    7.219933] cloud-init[951]: |           +.+.B |
[    7.237763] cloud-init[951]: |          . o Xoo|
[    7.244651] cloud-init[951]: |             + *=|
[    7.252466] cloud-init[951]: |        S  .+ =o+|
[    7.260215] cloud-init[951]: |         . +o+.oo|
[    7.260938] cloud-init[951]: |          E o+ooo|
[    7.268228] cloud-init[951]: |            .=B.B|
[    7.268971] cloud-init[951]: |           .+=oO.|
[    7.276335] cloud-init[951]: +----[SHA256]-----+
[[0;32m  OK  [0m] Started ACPI Events Check.
[[0;32m  OK  [0m] Reached target Paths.
[[0;32m  OK  [0m] Started Daily apt download activities.
[[0;32m  OK  [0m] Started Daily apt upgrade and clean activities.
[[0;32m  OK  [0m] Reached target Timers.
         Starting Socket activation for snappy daemon.
[[0;32m  OK  [0m] Reached target Cloud-config availability.
[[0;32m  OK  [0m] Reached target Network is Online.
[    7.279760] cloud-init[951]: Generating public/private ecdsa key pair.
[    7.299636] cloud-init[951]: Your identification has been saved in /etc/ssh/ssh_host_ecdsa_key.
[    7.300570] cloud-init[951]: Your public key has been saved in /etc/ssh/ssh_host_ecdsa_key.pub.
[    7.308190] cloud-init[951]: The key fingerprint is:
[    7.317115] cloud-init[951]: SHA256:qcCWrKnwBwwH3iTMjWbQkjEqkybU9CadgWwZL6dg1xo root@ubuntu-xenial
[    7.325458] cloud-init[951]: The key's randomart image is:
[    7.332553] cloud-init[951]: +---[ECDSA 256]---+
         Starting iSCSI initiator daemon (iscsid)...
[[0;32m  OK  [0m] Listening on LXD - unix socket.
[[0;32m  OK  [0m] Listening on Socket activation for snappy daemon.
[    7.342943] cloud-init[951]: |B=*o+.           |
[    7.353111] cloud-init[951]: |*X.O= o          |
[    7.353766] cloud-init[951]: |X*=E O           |
[    7.354404] cloud-init[951]: |*o++O.   .       |
[    7.360223] cloud-init[951]: | + o*   S        |
[    7.368530] cloud-init[951]: |  o+ . .         |
[    7.377101] cloud-init[951]: |. o.  .          |
[    7.385194] cloud-init[951]: |.o  .            |
[[0;32m  OK  [0m] Reached target Sockets.
[[0;32m  OK  [0m] Reached target Basic System.
[    7.387451] cloud-init[951]: |. ..             |
[    7.401527] cloud-init[951]: +----[SHA256]-----+
         Starting Login Service...
[    7.403848] cloud-init[951]: Generating public/private ed25519 key pair.
[    7.416247] [[0;32m  OK  [0m] Started FUSE filesystem for LXC.
cloud-init[951]: [[0;32m  OK  [0m] Started Regular background program processing daemon.
         Starting Virtualbox guest utils...
         Starting LSB: Record successful boot for GRUB...
         Starting Pollinate to seed the pseudo random number generator...
         Starting /etc/rc.local Compatibility...
         Starting LSB: MD monitoring daemon...
Your identification has been saved in /etc/ssh/ssh_host_ed25519_key.
[    7.426226]          Starting System Logging Service...
cloud-init[951]: Your public key has been saved in /etc/ssh/ssh_host_ed25519_key.pub.
[    7.433231]          Starting Accounts Service...
cloud-init[951]: The key fingerprint is:
[[0;32m  OK  [0m] Started D-Bus System Message Bus.
[    7.436957] cloud-init[951]: SHA256:X6iXpvy0LiLR/s5wuFHeS745XK/CxXKhvJKe6187S2M root@ubuntu-xenial
[    7.439020] cloud-init[951]: The key's randomart image is:
[    7.440411] cloud-init[951]: +--[ED25519 256]--+
[    7.448458] cloud-init[951]: |                 |
[    7.449459] cloud-init[951]: |                 |
[    7.451193] cloud-init[951]: |                 |
[    7.455030] cloud-init[951]: |           ..    |
[    7.458134] cloud-init[951]: |     .  S..o..   |
[    7.459640] cloud-init[951]: |    . .+ ++o=    |
[    7.462078] cloud-init[951]: |     o+ ++O*E.   |
[    7.463050] cloud-init[951]: |    . oB+O*B.o.  |
         Starting Snappy daemon...
[    7.473257] cloud-init[951]: |     ..*@BX+++   |
[    7.474152] [[0;32m  OK  [0m] Started ACPI event daemon.
cloud-init[[0;32m  OK  [0m] Started Deferred execution scheduler.
         Starting LXD - container startup/shutdown...
[[0;32m  OK  [0m] Started System Logging Service.
[[0;32m  OK  [0m] Started iSCSI initiator daemon (iscsid).
[[0;32m  OK  [0m] Started /etc/rc.local Compatibility.
[951]: +----[SHA256]-----+
[[0;32m  OK  [0m] Started Login Service.
[[0;32m  OK  [0m] Started Unattended Upgrades Shutdown.
         Starting Authenticate and Authorize Users to Run Privileged Tasks...
         Starting Login to default iSCSI targets...
[[0;32m  OK  [0m] Started LSB: Record successful boot for GRUB.
[[0;32m  OK  [0m] Started Authenticate and Authorize Users to Run Privileged Tasks.
[[0;32m  OK  [0m] Started LSB: MD monitoring daemon.
[[0;32m  OK  [0m] Started Accounts Service.
[[0;32m  OK  [0m] Started Login to default iSCSI targets.
[[0;32m  OK  [0m] Reached target Remote File Systems (Pre).
[[0;32m  OK  [0m] Reached target Remote File Systems.
         Starting Permit User Sessions...
         Starting LSB: Set the CPU Frequency Scaling governor to "ondemand"...
         Starting LSB: daemon to balance interrupts for SMP systems...
         Starting LSB: automatic crash report generation...
[[0;32m  OK  [0m] Started Permit User Sessions.
         Starting Hold until boot process finishes up...
         Starting Terminate Plymouth Boot Screen...
[[0;32m  OK  [0m] Started Hold until boot process finishes up.
[[0;32m  OK  [0m] Started Terminate Plymouth Boot Screen.
[[0;32m  OK  [0m] Started Getty on tty1.
[[0;32m  OK  [0m] Started Serial Getty on ttyS0.
[[0;32m  OK  [0m] Reached target Login Prompts.
         Starting Set console scheme...
[[0;32m  OK  [0m] Started LSB: automatic crash report generation.
[[0;32m  OK  [0m] Started Set console scheme.
[[0;32m  OK  [0m] Started LSB: Set the CPU Frequency Scaling governor to "ondemand".
[[0;32m  OK  [0m] Started LSB: daemon to balance interrupts for SMP systems.
[[0;32m  OK  [0m] Started Virtualbox guest utils.
[[0;32m  OK  [0m] Started LXD - container startup/shutdown.
[[0;32m  OK  [0m] Started Pollinate to seed the pseudo random number generator.
         Starting OpenBSD Secure Shell server...
[[0;32m  OK  [0m] Started Snappy daemon.
         Starting Wait until snapd is fully seeded...
[[0;32m  OK  [0m] Started OpenBSD Secure Shell server.
[[0;32m  OK  [0m] Started Wait until snapd is fully seeded.
         Starting Apply the settings specified in cloud-config...
[[0;32m  OK  [0m] Reached target Multi-User System.
[[0;32m  OK  [0m] Reached target Graphical Interface.
         Starting Update UTMP about System Runlevel Changes...
[[0;32m  OK  [0m] Started Update UTMP about System Runlevel Changes.
[    8.685446] cloud-init[1304]: Generating locales (this might take a while)...
[    9.272228] cloud-init[1304]:   en_US.UTF-8... done
[    9.272876] cloud-init[1304]: Generation complete.
[    9.480406] cloud-init[1304]: Cloud-init v. 19.2-36-g059d049c-0ubuntu1~16.04.1 running 'modules:config' at Fri, 11 Oct 2019 09:44:42 +0000. Up 8.61 seconds.
[[0;32m  OK  [0m] Started Apply the settings specified in cloud-config.
         Starting Execute cloud user/final scripts...
ci-info: no authorized ssh keys fingerprints found for user ubuntu.
<14>Oct 11 09:44:43 ec2: 
<14>Oct 11 09:44:43 ec2: #############################################################
<14>Oct 11 09:44:43 ec2: -----BEGIN SSH HOST KEY FINGERPRINTS-----
<14>Oct 11 09:44:43 ec2: 1024 SHA256:37N+ZqfYUeubiQQ/vXUVvFlqkUjEoVXLLVqlUrstDqY root@ubuntu-xenial (DSA)
<14>Oct 11 09:44:43 ec2: 256 SHA256:qcCWrKnwBwwH3iTMjWbQkjEqkybU9CadgWwZL6dg1xo root@ubuntu-xenial (ECDSA)
<14>Oct 11 09:44:43 ec2: 256 SHA256:X6iXpvy0LiLR/s5wuFHeS745XK/CxXKhvJKe6187S2M root@ubuntu-xenial (ED25519)
<14>Oct 11 09:44:43 ec2: 2048 SHA256:K7RhwZR1LGQd6dTRqb5bkJ0v5/Q/n0z28Ae2U4mm5nE root@ubuntu-xenial (RSA)
<14>Oct 11 09:44:43 ec2: -----END SSH HOST KEY FINGERPRINTS-----
<14>Oct 11 09:44:43 ec2: #############################################################
-----BEGIN SSH HOST KEY KEYS-----
ecdsa-sha2-nistp256 AAAAE2VjZHNhLXNoYTItbmlzdHAyNTYAAAAIbmlzdHAyNTYAAABBBLHw/Eos/AcqwqUdZpqvslWh7TNdUbuHeQhKEFZEfdEBeLnKkJbwMlwS3xDpfOPRVjRP0aKhZJgVgUbKeWUU2ck= root@ubuntu-xenial
ssh-ed25519 AAAAC3NzaC1lZDI1NTE5AAAAIDnEIjGiQPWYUtrZg0y6WN+e/69q4JgflmvLWlLCXaEr root@ubuntu-xenial
ssh-rsa AAAAB3NzaC1yc2EAAAADAQABAAABAQDPNTlpsvTf0McWYiIx0t+7pD7A6aIQhOD2UKw3Nbqvb7jvZkvxE2WXXYOntcaowT6rXBHEso/2LNnPTuqgGRAqnOdQcUFNglttfZcRQNVdXHOBwCBI2QtyLTzKItnDvoYEa6w8h08roaI9a3F+n8802zaQdbV4bu/rGmXOC9bL5thCQu5GFi/FVVE7iZ6SGuXJNrLYE9wQJxMSvJBz8Z0UOxAyJu1IxN4RGqkgM+vpxiWycibXT8Egl8E9dMFVXO6QmOwbni4Z8sG49wPRNfzBLqBtN4LRuWOWpvSsXbwYRKxd6aHGGfjIamxY7nu7CL0/q5MEg6239duPdTfKsAw5 root@ubuntu-xenial
-----END SSH HOST KEY KEYS-----
[    9.823381] cloud-init[1347]: Cloud-init v. 19.2-36-g059d049c-0ubuntu1~16.04.1 running 'modules:final' at Fri, 11 Oct 2019 09:44:43 +0000. Up 9.70 seconds.
[    9.832450] cloud-init[1347]: ci-info: no authorized ssh keys fingerprints found for user ubuntu.
[    9.833431] cloud-init[1347]: Cloud-init v. 19.2-36-g059d049c-0ubuntu1~16.04.1 finished at Fri, 11 Oct 2019 09:44:43 +0000. Datasource DataSourceNoCloud [seed=/dev/sdb][dsmode=net].  Up 9.81 seconds
[[0;32m  OK  [0m] Started Execute cloud user/final scripts.
[[0;32m  OK  [0m] Reached target Cloud-init target.

Ubuntu 16.04.6 LTS ubuntu-xenial ttyS0

ubuntu-xenial login: 